// Jest Snapshot v1, https://goo.gl/fbAQLP

exports[`importer 1`] = `
Array [
  Object {
    "amount": 1,
    "due_date": 44197,
    "fiscal_code": "ISPXNB32R82Y766F",
    "invalid_after_due_date": false,
    "markdown": "# Welcome, Giovanni Rossi\\\\nThis is a test message.\\\\n.This message was sent using the IO-SDK.\\\\nYour fiscal code is ISPXNB32R82Y766F\\\\nWe hope you are enjoing using IO.\\\\n",
    "notice_number": 1,
    "subject": "Hi Giovanni",
  },
  Object {
    "amount": 1,
    "due_date": 44197,
    "fiscal_code": "ISPXNB32R82Y766D",
    "invalid_after_due_date": false,
    "markdown": "# Welcome, Luca Rossi\\\\nThis is a test message.\\\\n.This message was sent using the IO-SDK.\\\\nYour fiscal code is ISPXNB32R82Y766D\\\\nWe hope you are enjoing using IO.\\\\n",
    "notice_number": 1,
    "subject": "Hi Luca",
  },
]
`;
