// Jest Snapshot v1, https://goo.gl/fbAQLP

exports[`translate 1`] = `
Object {
  "due_date": 2001-01-01T00:00:00.000Z,
  "fiscal_code": "ISPXNB32R82Y766F",
  "markdown": "# Welcome, Giovanni Rossi\\\\nThis is a test message.\\\\n.This message was sent using the IO-SDK.\\\\nYour fiscal code is ISPXNB32R82Y766F\\\\nWe hope you are enjoing using IO.\\\\n",
  "subject": "Hi Giovanni",
  "time_to_live": 3600,
}
`;
